// Jest Snapshot v1, https://goo.gl/fbAQLP

exports[`renders correctly 1`] = `
<footer
  className="main-footer bg-dark text-white"
>
  <div
    className="mt-2 container"
  >
    <div
      className="row"
    >
      <div
        className="col"
      >
        <p>
          Â© 
          2023
           GGAnalytics
        </p>
      </div>
      <div
        className="col"
      >
        <div
          className="vstack gap-2"
        >
          <h3>
            Quick Links
          </h3>
          <a
            href="/dashboard"
            onClick={[Function]}
          >
            <div
              className="p-2"
            >
              Dashboard
            </div>
          </a>
          <a
            href="/teams"
            onClick={[Function]}
          >
            <div
              className="p-2"
            >
              Teams
            </div>
          </a>
          <a
            href="/matchHistory"
            onClick={[Function]}
          >
            <div
              className="p-2"
            >
              Match History
            </div>
          </a>
        </div>
      </div>
      <div
        className="col"
      >
        <div
          className="vstack gap-2"
        >
          <h3>
            Contact
          </h3>
          <div
            className="p-2"
          >
            +353863032593
          </div>
          <div
            className="p-2"
          >
            gganalytics@gga.project
          </div>
          <div
            className="p-2"
          >
            Computer Science Building, Belfast, United Kingdom, BT9 5AF
          </div>
        </div>
      </div>
    </div>
  </div>
</footer>
`;
