// Jest Snapshot v1, https://goo.gl/fbAQLP

exports[`renders correctly 1`] = `
<div>
  <canvas
    height={150}
    role="img"
    style={
      Object {
        "width": "100%",
      }
    }
    width={300}
  />
</div>
`;
